Xos, Xos, Xos, Xos, Xos, Xos, Xos, Xos, Xos^Efs, Xos, Xos, Xos, Xos^Efs, Xos, Xos, Xos, Xos, Xos, Xos, Xos, Xos
Wo^Xo, Xv, Wo^Xo, Xv, Wo^Xo, Xv, Wo^Xo, Xv, Wo^Xo, Xos^Efs, Xos^Efs, Xos^Efs, Wo^Xo, Xv^Vov, Wo^Xo, Xv, Wo^Xo, Xv, Wo^Xo, Xv, Wo^Xo
Wo^Xo, Wo^Xo, Ce, Wo^Xo, Ce, Wo^Xo, Ce, Wo^Xo, Wo^Xo, Wo^Xo, Wo^Xo, Wo^Xo, Wo^Xo, Wo^Xo, Ch, Wo^Xo, Ch, Wo^Xo, Ch, Wo^Xo, Wo^Xo
Wo^Xo, Ce, Ce, Ce, Ce, Ce, Ce, Ce, Wo^Xo, Wo^Xo, Wo^Xo, Wo^Xo, Ch, Ch, Ch, Ch, Ch, Ch, Ch, Ch, Wo^Xo
Wo^Xo, Ce, Ce, Ce, Ce, Ce, Ce, Ce, Wo^Xo, Wo^Xo, Kh, Wo^Xo, Ch, Ch, Ch, Ch, Ch, Ch, Ch, Ch, Wo^Xo
Wo^Xo, Ce, Ce, Ce, Ce, Ce, Ce, Ce, Wo^Xo, Kh, 1 Kh, Kh, Ch, Ch, Ch, Ch, Ch, Ch, Ch, Ch, Wo^Xo
Wo^Xo, Ce, Ce, Ce, Ce, Ce, Ce, Ce, Wo^Xo, Kh, Kh, Kh, Ch, Ch, Ch, Ch, Ch, Ch, Ch, Ch, Wo^Xo
Wo^Xo, Ce, Ce, Ce, Ce, Ce, Ce, Ce, Wo^Xo, Ch, Ch, Ch, Ch, Ch, Ch, Ch, Ch, Ch, Ch, Ch, Wo^Xo
Wo^Xo, Ce, Ce, Ce, Ce, Ce, Ce, Ce, Wo^Xo, Ch, Ch, Ch, Ch, Ch, Ch, Ch, Ch, Ch, Ch, Ch, Wo^Xo
Wo^Xo, Ce, Ce, Ce, Ce, Ce, Ce, Ce, Wo^Xo, Ch, Ch, Ch, Ch, Ch, Ch, Ch, Ch, Ch, Ch, Ch, Wo^Xo
Wo^Xo, Wo^Xo, Wo^Xo, Wo^Xo, Wo^Xo, Wo^Xo, Wo^Xo, Wo^Xo, Wo^Xo, Wo^Bw|, Wo^Bw|, Wo^Bw|, Wo^Xo, Wo^Xo, Wo^Xo, Wo^Xo, Wo^Xo, Wo^Xo, Wo^Xo, Wo^Xo, Wo^Xo
